2026-10-03 00:53:57,205 | INFO | httpx | HTTP Request: POST https://api.telegram.org/bot8855750462:AAEvx2AxZNDmRHpH6lcHoLZagmOx5MvzPDM/getMe "HTTP/1.1 200 OK"
2026-10-03 00:53:57,533 | INFO | httpx | HTTP Request: POST https://api.telegram.org/bot8855750462:AAEvx2AxZNDmRHpH6lcHoLZagmOx5MvzPDM/getMe "HTTP/1.1 200 OK"
2026-10-03 00:53:57,533 | INFO | FirebaseSMSBot | Bot username cached: @xd_otp_crazy_bot
2026-10-03 00:53:57,861 | INFO | httpx | HTTP Request: POST https://api.telegram.org/bot8855750462:AAEvx2AxZNDmRHpH6lcHoLZagmOx5MvzPDM/deleteWebhook "HTTP/1.1 200 OK"
2026-10-03 00:53:57,861 | INFO | telegram.ext.Application | Application started
2026-10-03 00:54:08,573 | INFO | httpx | HTTP Request: POST https://api.telegram.org/bot8855750462:AAEvx2AxZNDmRHpH6lcHoLZagmOx5MvzPDM/getUpdates "HTTP/1.1 200 OK"
2026-10-03 00:54:18,812 | INFO | httpx | HTTP Request: POST https://api.telegram.org/bot8855750462:AAEvx2AxZNDmRHpH6lcHoLZagmOx5MvzPDM/getUpdates "HTTP/1.1 200 OK"
2026-10-03 00:54:28,237 | INFO | httpx | HTTP Request: POST https://api.telegram.org/bot8855750462:AAEvx2AxZNDmRHpH6lcHoLZagmOx5MvzPDM/getChatMember "HTTP/1.1 200 OK"
2026-10-03 00:54:28,580 | INFO | httpx | HTTP Request: POST https://api.telegram.org/bot8855750462:AAEvx2AxZNDmRHpH6lcHoLZagmOx5MvzPDM/getChatMember "HTTP/1.1 200 OK"
2026-10-03 00:54:28,893 | INFO | httpx | HTTP Request: POST https://api.telegram.org/bot8855750462:AAEvx2AxZNDmRHpH6lcHoLZagmOx5MvzPDM/getChatMember "HTTP/1.1 200 OK"
2026-10-03 00:54:29,050 | INFO | httpx | HTTP Request: POST https://api.telegram.org/bot8855750462:AAEvx2AxZNDmRHpH6lcHoLZagmOx5MvzPDM/getUpdates "HTTP/1.1 200 OK"
2026-10-03 00:54:29,144 | INFO | httpx | HTTP Request: POST https://api.telegram.org/bot8855750462:AAEvx2AxZNDmRHpH6lcHoLZagmOx5MvzPDM/getChatMember "HTTP/1.1 200 OK"
2026-10-03 00:54:29,378 | INFO | httpx | HTTP Request: POST https://api.telegram.org/bot8855750462:AAEvx2AxZNDmRHpH6lcHoLZagmOx5MvzPDM/getChatMember "HTTP/1.1 200 OK"
2026-10-03 00:54:29,597 | INFO | httpx | HTTP Request: POST https://api.telegram.org/bot8855750462:AAEvx2AxZNDmRHpH6lcHoLZagmOx5MvzPDM/getChatMember "HTTP/1.1 200 OK"
2026-10-03 00:54:39,284 | INFO | httpx | HTTP Request: POST https://api.telegram.org/bot8855750462:AAEvx2AxZNDmRHpH6lcHoLZagmOx5MvzPDM/getUpdates "HTTP/1.1 200 OK"
2026-10-03 00:54:49,536 | INFO | httpx | HTTP Request: POST https://api.telegram.org/bot8855750462:AAEvx2AxZNDmRHpH6lcHoLZagmOx5MvzPDM/getUpdates "HTTP/1.1 200 OK"
2026-10-03 00:54:59,858 | INFO | httpx | HTTP Request: POST https://api.telegram.org/bot8855750462:AAEvx2AxZNDmRHpH6lcHoLZagmOx5MvzPDM/getUpdates "HTTP/1.1 200 OK"
2026-10-03 00:55:00,686 | INFO | httpx | HTTP Request: POST https://api.telegram.org/bot8855750462:AAEvx2AxZNDmRHpH6lcHoLZagmOx5MvzPDM/getChatMember "HTTP/1.1 200 OK"
2026-10-03 00:55:00,921 | INFO | httpx | HTTP Request: POST https://api.telegram.org/bot8855750462:AAEvx2AxZNDmRHpH6lcHoLZagmOx5MvzPDM/getChatMember "HTTP/1.1 200 OK"
2026-10-03 00:55:01,217 | INFO | httpx | HTTP Request: POST https://api.telegram.org/bot8855750462:AAEvx2AxZNDmRHpH6lcHoLZagmOx5MvzPDM/getChatMember "HTTP/1.1 200 OK"
2026-10-03 00:55:01,467 | INFO | httpx | HTTP Request: POST https://api.telegram.org/bot8855750462:AAEvx2AxZNDmRHpH6lcHoLZagmOx5MvzPDM/getChatMember "HTTP/1.1 200 OK"
2026-10-03 00:55:01,707 | INFO | httpx | HTTP Request: POST https://api.telegram.org/bot8855750462:AAEvx2AxZNDmRHpH6lcHoLZagmOx5MvzPDM/getChatMember "HTTP/1.1 200 OK"
2026-10-03 00:55:01,942 | INFO | httpx | HTTP Request: POST https://api.telegram.org/bot8855750462:AAEvx2AxZNDmRHpH6lcHoLZagmOx5MvzPDM/getChatMember "HTTP/1.1 200 OK"
2026-10-03 00:55:07,668 | INFO | httpx | HTTP Request: POST https://api.telegram.org/bot8855750462:AAEvx2AxZNDmRHpH6lcHoLZagmOx5MvzPDM/getUpdates "HTTP/1.1 200 OK"
2026-10-03 00:55:08,544 | INFO | httpx | HTTP Request: POST https://api.telegram.org/bot8855750462:AAEvx2AxZNDmRHpH6lcHoLZagmOx5MvzPDM/sendPhoto "HTTP/1.1 200 OK"
2026-10-03 00:55:18,020 | INFO | httpx | HTTP Request: POST https://api.telegram.org/bot8855750462:AAEvx2AxZNDmRHpH6lcHoLZagmOx5MvzPDM/getUpdates "HTTP/1.1 200 OK"
2026-10-03 00:55:28,418 | INFO | httpx | HTTP Request: POST https://api.telegram.org/bot8855750462:AAEvx2AxZNDmRHpH6lcHoLZagmOx5MvzPDM/getUpdates "HTTP/1.1 200 OK"
2026-10-03 00:55:32,895 | INFO | httpx | HTTP Request: POST https://api.telegram.org/bot8855750462:AAEvx2AxZNDmRHpH6lcHoLZagmOx5MvzPDM/getChatMember "HTTP/1.1 200 OK"
2026-10-03 00:55:33,129 | INFO | httpx | HTTP Request: POST https://api.telegram.org/bot8855750462:AAEvx2AxZNDmRHpH6lcHoLZagmOx5MvzPDM/getChatMember "HTTP/1.1 200 OK"
2026-10-03 00:55:33,363 | INFO | httpx | HTTP Request: POST https://api.telegram.org/bot8855750462:AAEvx2AxZNDmRHpH6lcHoLZagmOx5MvzPDM/getChatMember "HTTP/1.1 200 OK"
2026-10-03 00:55:33,691 | INFO | httpx | HTTP Request: POST https://api.telegram.org/bot8855750462:AAEvx2AxZNDmRHpH6lcHoLZagmOx5MvzPDM/getChatMember "HTTP/1.1 200 OK"
2026-10-03 00:55:34,020 | INFO | httpx | HTTP Request: POST https://api.telegram.org/bot8855750462:AAEvx2AxZNDmRHpH6lcHoLZagmOx5MvzPDM/getChatMember "HTTP/1.1 200 OK"
2026-10-03 00:55:34,254 | INFO | httpx | HTTP Request: POST https://api.telegram.org/bot8855750462:AAEvx2AxZNDmRHpH6lcHoLZagmOx5MvzPDM/getChatMember "HTTP/1.1 200 OK"
2026-10-03 00:55:38,660 | INFO | httpx | HTTP Request: POST https://api.telegram.org/bot8855750462:AAEvx2AxZNDmRHpH6lcHoLZagmOx5MvzPDM/getUpdates "HTTP/1.1 200 OK"
2026-10-03 00:55:48,895 | INFO | httpx | HTTP Request: POST https://api.telegram.org/bot8855750462:AAEvx2AxZNDmRHpH6lcHoLZagmOx5MvzPDM/getUpdates "HTTP/1.1 200 OK"
2026-10-03 00:55:59,137 | INFO | httpx | HTTP Request: POST https://api.telegram.org/bot8855750462:AAEvx2AxZNDmRHpH6lcHoLZagmOx5MvzPDM/getUpdates "HTTP/1.1 200 OK"
2026-10-03 00:56:05,122 | INFO | httpx | HTTP Request: POST https://api.telegram.org/bot8855750462:AAEvx2AxZNDmRHpH6lcHoLZagmOx5MvzPDM/getChatMember "HTTP/1.1 200 OK"
2026-10-03 00:56:05,372 | INFO | httpx | HTTP Request: POST https://api.telegram.org/bot8855750462:AAEvx2AxZNDmRHpH6lcHoLZagmOx5MvzPDM/getChatMember "HTTP/1.1 200 OK"
2026-10-03 00:56:05,700 | INFO | httpx | HTTP Request: POST https://api.telegram.org/bot8855750462:AAEvx2AxZNDmRHpH6lcHoLZagmOx5MvzPDM/getChatMember "HTTP/1.1 200 OK"
2026-10-03 00:56:06,013 | INFO | httpx | HTTP Request: POST https://api.telegram.org/bot8855750462:AAEvx2AxZNDmRHpH6lcHoLZagmOx5MvzPDM/getChatMember "HTTP/1.1 200 OK"
2026-10-03 00:56:06,309 | INFO | httpx | HTTP Request: POST https://api.telegram.org/bot8855750462:AAEvx2AxZNDmRHpH6lcHoLZagmOx5MvzPDM/getChatMember "HTTP/1.1 200 OK"
2026-10-03 00:56:06,762 | INFO | httpx | HTTP Request: POST https://api.telegram.org/bot8855750462:AAEvx2AxZNDmRHpH6lcHoLZagmOx5MvzPDM/getChatMember "HTTP/1.1 200 OK"
2026-10-03 00:56:09,371 | INFO | httpx | HTTP Request: POST https://api.telegram.org/bot8855750462:AAEvx2AxZNDmRHpH6lcHoLZagmOx5MvzPDM/getUpdates "HTTP/1.1 200 OK"
2026-10-03 00:56:19,616 | INFO | httpx | HTTP Request: POST https://api.telegram.org/bot8855750462:AAEvx2AxZNDmRHpH6lcHoLZagmOx5MvzPDM/getUpdates "HTTP/1.1 200 OK"
2026-10-03 00:56:29,846 | INFO | httpx | HTTP Request: POST https://api.telegram.org/bot8855750462:AAEvx2AxZNDmRHpH6lcHoLZagmOx5MvzPDM/getUpdates "HTTP/1.1 200 OK"
2026-10-03 00:56:37,466 | INFO | httpx | HTTP Request: POST https://api.telegram.org/bot8855750462:AAEvx2AxZNDmRHpH6lcHoLZagmOx5MvzPDM/getChatMember "HTTP/1.1 200 OK"
2026-10-03 00:56:37,685 | INFO | httpx | HTTP Request: POST https://api.telegram.org/bot8855750462:AAEvx2AxZNDmRHpH6lcHoLZagmOx5MvzPDM/getChatMember "HTTP/1.1 200 OK"
2026-10-03 00:56:37,919 | INFO | httpx | HTTP Request: POST https://api.telegram.org/bot8855750462:AAEvx2AxZNDmRHpH6lcHoLZagmOx5MvzPDM/getChatMember "HTTP/1.1 200 OK"
2026-10-03 00:56:38,154 | INFO | httpx | HTTP Request: POST https://api.telegram.org/bot8855750462:AAEvx2AxZNDmRHpH6lcHoLZagmOx5MvzPDM/getChatMember "HTTP/1.1 200 OK"
2026-10-03 00:56:38,372 | INFO | httpx | HTTP Request: POST https://api.telegram.org/bot8855750462:AAEvx2AxZNDmRHpH6lcHoLZagmOx5MvzPDM/getChatMember "HTTP/1.1 200 OK"
2026-10-03 00:56:38,607 | INFO | httpx | HTTP Request: POST https://api.telegram.org/bot8855750462:AAEvx2AxZNDmRHpH6lcHoLZagmOx5MvzPDM/getChatMember "HTTP/1.1 200 OK"
2026-10-03 00:56:40,091 | INFO | httpx | HTTP Request: POST https://api.telegram.org/bot8855750462:AAEvx2AxZNDmRHpH6lcHoLZagmOx5MvzPDM/getUpdates "HTTP/1.1 200 OK"
2026-10-03 00:56:50,325 | INFO | httpx | HTTP Request: POST https://api.telegram.org/bot8855750462:AAEvx2AxZNDmRHpH6lcHoLZagmOx5MvzPDM/getUpdates "HTTP/1.1 200 OK"
2026-10-03 00:57:00,571 | INFO | httpx | HTTP Request: POST https://api.telegram.org/bot8855750462:AAEvx2AxZNDmRHpH6lcHoLZagmOx5MvzPDM/getUpdates "HTTP/1.1 200 OK"
2026-10-03 00:57:09,449 | INFO | httpx | HTTP Request: POST https://api.telegram.org/bot8855750462:AAEvx2AxZNDmRHpH6lcHoLZagmOx5MvzPDM/getChatMember "HTTP/1.1 200 OK"
2026-10-03 00:57:09,683 | INFO | httpx | HTTP Request: POST https://api.telegram.org/bot8855750462:AAEvx2AxZNDmRHpH6lcHoLZagmOx5MvzPDM/getChatMember "HTTP/1.1 200 OK"
2026-10-03 00:57:10,011 | INFO | httpx | HTTP Request: POST https://api.telegram.org/bot8855750462:AAEvx2AxZNDmRHpH6lcHoLZagmOx5MvzPDM/getChatMember "HTTP/1.1 200 OK"
2026-10-03 00:57:10,339 | INFO | httpx | HTTP Request: POST https://api.telegram.org/bot8855750462:AAEvx2AxZNDmRHpH6lcHoLZagmOx5MvzPDM/getChatMember "HTTP/1.1 200 OK"
2026-10-03 00:57:10,659 | INFO | httpx | HTTP Request: POST https://api.telegram.org/bot8855750462:AAEvx2AxZNDmRHpH6lcHoLZagmOx5MvzPDM/getChatMember "HTTP/1.1 200 OK"
2026-10-03 00:57:10,815 | INFO | httpx | HTTP Request: POST https://api.telegram.org/bot8855750462:AAEvx2AxZNDmRHpH6lcHoLZagmOx5MvzPDM/getUpdates "HTTP/1.1 200 OK"
2026-10-03 00:57:10,893 | INFO | httpx | HTTP Request: POST https://api.telegram.org/bot8855750462:AAEvx2AxZNDmRHpH6lcHoLZagmOx5MvzPDM/getChatMember "HTTP/1.1 200 OK"
